
> aura-coffee@0.1.0 build
> next build

Γû▓ Next.js 16.1.6 (Turbopack)
- Environments: .env.local

  Creating an optimized production build ...
Γ£ô Compiled successfully in 13.0s
  Running TypeScript ...
  Collecting page data using 15 workers ...
node.exe : The default 
export of 
@sanity/image-url has 
been deprecated. Use 
the named export `creat
eImageUrlBuilder` 
instead.
At line:1 char:1
+ & "C:\Program 
Files\nodejs/node.exe" 
"C:\Program 
Files\nodejs/node_mo 
...
+ ~~~~~~~~~~~~~~~~~~~~~
~~~~~~~~~~~~~~~~~~~~~~~
~~~~~~~~~~~~~~~~~~~~~~~
~~
    + CategoryInfo     
         : NotSpecifi  
  ed: (The default e   
 xp...ilder` instea    
d.:String) [], Rem    
oteException
    + FullyQualifiedEr 
   rorId : NativeComm  
  andError
 
The default export of 
@sanity/image-url has 
been deprecated. Use 
the named export `creat
eImageUrlBuilder` 
instead.
  Generating static pages using 15 workers (0/13) ...
The default export of 
@sanity/image-url has 
been deprecated. Use 
the named export `creat
eImageUrlBuilder` 
instead.
  Generating static pages using 15 workers (3/13) 
  Generating static pages using 15 workers (6/13) 
The default export of 
@sanity/image-url has 
been deprecated. Use 
the named export `creat
eImageUrlBuilder` 
instead.
(node:16272) [DEP0169] 
DeprecationWarning: 
`url.parse()` behavior 
is not standardized 
and prone to errors 
that have security 
implications. Use the 
WHATWG URL API 
instead. CVEs are not 
issued for 
`url.parse()` 
vulnerabilities.
(Use `node 
--trace-deprecation 
...` to show where the 
warning was created)
  Generating static pages using 15 workers (9/13) 
Error occurred 
prerendering page 
"/shop". Read more: htt
ps://nextjs.org/docs/me
ssages/prerender-error
TypeError: Cannot read 
properties of null 
(reading 'useContext')
    at f (C:\Users\Moks
h\Desktop\AuraCoffee\.n
ext\server\chunks\ssr\[
root-of-the-server]__ac
88d2c8._.js:1:2725)
    at j (C:\Users\Moks
h\Desktop\AuraCoffee\.n
ext\server\chunks\ssr\[
root-of-the-server]__04
95a6b8._.js:1:1591) {
  digest: '1600663409'
}
Export encountered an 
error on /shop/page: 
/shop, exiting the 
build.
Γ¿» Next.js build 
worker exited with 
code: 1 and signal: 
null
